C:/Users/ADMIN/STM32Cube/Repository/STM32Cube_FW_F4_V1.28.3/Projects/STM32F429I-Discovery/Examples/BSP/Src/main.c:63:5:main	4
C:/Users/ADMIN/STM32Cube/Repository/STM32Cube_FW_F4_V1.28.3/Projects/STM32F429I-Discovery/Examples/BSP/Src/main.c:134:13:SystemClock_Config	1
C:/Users/ADMIN/STM32Cube/Repository/STM32Cube_FW_F4_V1.28.3/Projects/STM32F429I-Discovery/Examples/BSP/Src/main.c:176:13:Display_DemoDescription	1
C:/Users/ADMIN/STM32Cube/Repository/STM32Cube_FW_F4_V1.28.3/Projects/STM32F429I-Discovery/Examples/BSP/Src/main.c:218:9:CheckForUserInput	3
C:/Users/ADMIN/STM32Cube/Repository/STM32Cube_FW_F4_V1.28.3/Projects/STM32F429I-Discovery/Examples/BSP/Src/main.c:233:6:Toggle_Leds	2
C:/Users/ADMIN/STM32Cube/Repository/STM32Cube_FW_F4_V1.28.3/Projects/STM32F429I-Discovery/Examples/BSP/Src/main.c:250:6:HAL_GPIO_EXTI_Callback	2
